[0.012s] Invoking command in '/home/DATA/simulation/robotDog/build/robot_pkg': CMAKE_PREFIX_PATH=${CMAKE_PREFIX_PATH}:/opt/ros/jazzy DEBUGINFOD_URLS=https://debuginfod.ubuntu.com /usr/bin/cmake --build /home/DATA/simulation/robotDog/build/robot_pkg -- -j8 -l8
[0.058s] Invoked command in '/home/DATA/simulation/robotDog/build/robot_pkg' returned '0': CMAKE_PREFIX_PATH=${CMAKE_PREFIX_PATH}:/opt/ros/jazzy DEBUGINFOD_URLS=https://debuginfod.ubuntu.com /usr/bin/cmake --build /home/DATA/simulation/robotDog/build/robot_pkg -- -j8 -l8
[0.091s] Invoking command in '/home/DATA/simulation/robotDog/build/robot_pkg': CMAKE_PREFIX_PATH=${CMAKE_PREFIX_PATH}:/opt/ros/jazzy DEBUGINFOD_URLS=https://debuginfod.ubuntu.com /usr/bin/cmake --install /home/DATA/simulation/robotDog/build/robot_pkg
[0.107s] -- Install configuration: ""
[0.109s] -- Up-to-date: /home/DATA/simulation/robotDog/install/robot_pkg/share/robot_pkg/launch
[0.109s] -- Up-to-date: /home/DATA/simulation/robotDog/install/robot_pkg/share/robot_pkg/launch/robot_model.launch.py
[0.110s] -- Up-to-date: /home/DATA/simulation/robotDog/install/robot_pkg/share/robot_pkg/model
[0.110s] -- Up-to-date: /home/DATA/simulation/robotDog/install/robot_pkg/share/robot_pkg/model/robot.gazebo
[0.110s] -- Installing: /home/DATA/simulation/robotDog/install/robot_pkg/share/robot_pkg/model/robot.xacro
[0.110s] -- Up-to-date: /home/DATA/simulation/robotDog/install/robot_pkg/share/robot_pkg/parameters
[0.110s] -- Up-to-date: /home/DATA/simulation/robotDog/install/robot_pkg/share/robot_pkg/parameters/bridge_parameters.yaml
[0.110s] -- Up-to-date: /home/DATA/simulation/robotDog/install/robot_pkg/share/ament_index/resource_index/package_run_dependencies/robot_pkg
[0.110s] -- Up-to-date: /home/DATA/simulation/robotDog/install/robot_pkg/share/ament_index/resource_index/parent_prefix_path/robot_pkg
[0.111s] -- Up-to-date: /home/DATA/simulation/robotDog/install/robot_pkg/share/robot_pkg/environment/ament_prefix_path.sh
[0.111s] -- Up-to-date: /home/DATA/simulation/robotDog/install/robot_pkg/share/robot_pkg/environment/ament_prefix_path.dsv
[0.111s] -- Up-to-date: /home/DATA/simulation/robotDog/install/robot_pkg/share/robot_pkg/environment/path.sh
[0.111s] -- Up-to-date: /home/DATA/simulation/robotDog/install/robot_pkg/share/robot_pkg/environment/path.dsv
[0.111s] -- Up-to-date: /home/DATA/simulation/robotDog/install/robot_pkg/share/robot_pkg/local_setup.bash
[0.111s] -- Up-to-date: /home/DATA/simulation/robotDog/install/robot_pkg/share/robot_pkg/local_setup.sh
[0.111s] -- Up-to-date: /home/DATA/simulation/robotDog/install/robot_pkg/share/robot_pkg/local_setup.zsh
[0.112s] -- Up-to-date: /home/DATA/simulation/robotDog/install/robot_pkg/share/robot_pkg/local_setup.dsv
[0.112s] -- Installing: /home/DATA/simulation/robotDog/install/robot_pkg/share/robot_pkg/package.dsv
[0.117s] -- Up-to-date: /home/DATA/simulation/robotDog/install/robot_pkg/share/ament_index/resource_index/packages/robot_pkg
[0.117s] -- Up-to-date: /home/DATA/simulation/robotDog/install/robot_pkg/share/robot_pkg/cmake/robot_pkgConfig.cmake
[0.117s] -- Up-to-date: /home/DATA/simulation/robotDog/install/robot_pkg/share/robot_pkg/cmake/robot_pkgConfig-version.cmake
[0.117s] -- Up-to-date: /home/DATA/simulation/robotDog/install/robot_pkg/share/robot_pkg/package.xml
[0.119s] Invoked command in '/home/DATA/simulation/robotDog/build/robot_pkg' returned '0': CMAKE_PREFIX_PATH=${CMAKE_PREFIX_PATH}:/opt/ros/jazzy DEBUGINFOD_URLS=https://debuginfod.ubuntu.com /usr/bin/cmake --install /home/DATA/simulation/robotDog/build/robot_pkg
